Archive member included to satisfy reference by file (symbol)

c:/program files (x86)/avr-gcc-12.0.1/bin/../lib/gcc/avr/12.1.0/avr6\libgcc.a(_divmodhi4.o)
                              obj\Debug\display.o (__divmodhi4)
c:/program files (x86)/avr-gcc-12.0.1/bin/../lib/gcc/avr/12.1.0/avr6\libgcc.a(_exit.o)
                              c:/program files (x86)/avr-gcc-12.0.1/bin/../lib/gcc/avr/12.1.0/../../../../avr/lib/avr6/crtatmega2560.o (exit)
c:/program files (x86)/avr-gcc-12.0.1/bin/../lib/gcc/avr/12.1.0/avr6\libgcc.a(_copy_data.o)
                              obj\Debug\display.o (__do_copy_data)
c:/program files (x86)/avr-gcc-12.0.1/bin/../lib/gcc/avr/12.1.0/avr6\libgcc.a(_clear_bss.o)
                              obj\Debug\knipperLicht.o (__do_clear_bss)
c:/program files (x86)/avr-gcc-12.0.1/bin/../lib/gcc/avr/12.1.0/avr6\libgcc.a(_umulhisi3.o)
                              obj\Debug\ultrasoon.o (__umulhisi3)
c:/program files (x86)/avr-gcc-12.0.1/bin/../lib/gcc/avr/12.1.0/avr6\libgcc.a(_udivmodhi4.o)
                              c:/program files (x86)/avr-gcc-12.0.1/bin/../lib/gcc/avr/12.1.0/avr6\libgcc.a(_divmodhi4.o) (__udivmodhi4)

Memory Configuration

Name             Origin             Length             Attributes
text             0x0000000000000000 0x0000000000100000 xr
data             0x0000000000800200 0x000000000000fe00 rw !x
eeprom           0x0000000000810000 0x0000000000010000 rw !x
fuse             0x0000000000820000 0x0000000000000003 rw !x
lock             0x0000000000830000 0x0000000000000400 rw !x
signature        0x0000000000840000 0x0000000000000400 rw !x
user_signatures  0x0000000000850000 0x0000000000000400 rw !x
*default*        0x0000000000000000 0xffffffffffffffff

Linker script and memory map

Address of section .data set to 0x800200
LOAD c:/program files (x86)/avr-gcc-12.0.1/bin/../lib/gcc/avr/12.1.0/../../../../avr/lib/avr6/crtatmega2560.o
LOAD obj\Debug\Debugging.o
LOAD obj\Debug\display.o
LOAD obj\Debug\fuse.o
LOAD obj\Debug\interface.o
LOAD obj\Debug\knipperLicht.o
LOAD obj\Debug\main.o
LOAD obj\Debug\navigatieLogica.o
LOAD obj\Debug\noodstop.o
LOAD obj\Debug\stepperDriver.o
LOAD obj\Debug\UART.o
LOAD obj\Debug\ultrasoon.o
START GROUP
LOAD c:/program files (x86)/avr-gcc-12.0.1/bin/../lib/gcc/avr/12.1.0/avr6\libgcc.a
LOAD c:/program files (x86)/avr-gcc-12.0.1/bin/../lib/gcc/avr/12.1.0/../../../../avr/lib/avr6\libm.a
LOAD c:/program files (x86)/avr-gcc-12.0.1/bin/../lib/gcc/avr/12.1.0/../../../../avr/lib/avr6\libc.a
LOAD c:/program files (x86)/avr-gcc-12.0.1/bin/../lib/gcc/avr/12.1.0/../../../../avr/lib/avr6\libatmega2560.a
END GROUP
                0x0000000000100000                __TEXT_REGION_LENGTH__ = DEFINED (__TEXT_REGION_LENGTH__)?__TEXT_REGION_LENGTH__:0x100000
                0x000000000000fe00                __DATA_REGION_LENGTH__ = DEFINED (__DATA_REGION_LENGTH__)?__DATA_REGION_LENGTH__:0xfe00
                0x0000000000010000                __EEPROM_REGION_LENGTH__ = DEFINED (__EEPROM_REGION_LENGTH__)?__EEPROM_REGION_LENGTH__:0x10000
                [0x0000000000000003]                __FUSE_REGION_LENGTH__ = DEFINED (__FUSE_REGION_LENGTH__)?__FUSE_REGION_LENGTH__:0x400
                0x0000000000000400                __LOCK_REGION_LENGTH__ = DEFINED (__LOCK_REGION_LENGTH__)?__LOCK_REGION_LENGTH__:0x400
                0x0000000000000400                __SIGNATURE_REGION_LENGTH__ = DEFINED (__SIGNATURE_REGION_LENGTH__)?__SIGNATURE_REGION_LENGTH__:0x400
                0x0000000000000400                __USER_SIGNATURE_REGION_LENGTH__ = DEFINED (__USER_SIGNATURE_REGION_LENGTH__)?__USER_SIGNATURE_REGION_LENGTH__:0x400

.hash
 *(.hash)

.dynsym
 *(.dynsym)

.dynstr
 *(.dynstr)

.gnu.version
 *(.gnu.version)

.gnu.version_d
 *(.gnu.version_d)

.gnu.version_r
 *(.gnu.version_r)

.rel.init
 *(.rel.init)

.rela.init
 *(.rela.init)

.rel.text
 *(.rel.text)
 *(.rel.text.*)
 *(.rel.gnu.linkonce.t*)

.rela.text
 *(.rela.text)
 *(.rela.text.*)
 *(.rela.gnu.linkonce.t*)

.rel.fini
 *(.rel.fini)

.rela.fini
 *(.rela.fini)

.rel.rodata
 *(.rel.rodata)
 *(.rel.rodata.*)
 *(.rel.gnu.linkonce.r*)

.rela.rodata
 *(.rela.rodata)
 *(.rela.rodata.*)
 *(.rela.gnu.linkonce.r*)

.rel.data
 *(.rel.data)
 *(.rel.data.*)
 *(.rel.gnu.linkonce.d*)

.rela.data
 *(.rela.data)
 *(.rela.data.*)
 *(.rela.gnu.linkonce.d*)

.rel.ctors
 *(.rel.ctors)

.rela.ctors
 *(.rela.ctors)

.rel.dtors
 *(.rel.dtors)

.rela.dtors
 *(.rela.dtors)

.rel.got
 *(.rel.got)

.rela.got
 *(.rela.got)

.rel.bss
 *(.rel.bss)

.rela.bss
 *(.rela.bss)

.rel.plt
 *(.rel.plt)

.rela.plt
 *(.rela.plt)

.text           0x0000000000000000     0x1438
 *(.vectors)
 .vectors       0x0000000000000000       0xe4 c:/program files (x86)/avr-gcc-12.0.1/bin/../lib/gcc/avr/12.1.0/../../../../avr/lib/avr6/crtatmega2560.o
                0x0000000000000000                __vector_default
                0x0000000000000000                __vectors
 *(.vectors)
 *(.progmem.gcc*)
                0x00000000000000e4                . = ALIGN (0x2)
                0x00000000000000e4                __trampolines_start = .
 *(.trampolines)
 .trampolines   0x00000000000000e4        0x0 linker stubs
 *(.trampolines*)
                0x00000000000000e4                __trampolines_end = .
 *libprintf_flt.a:*(.progmem.data)
 *libc.a:*(.progmem.data)
 *(.progmem.*)
                0x00000000000000e4                . = ALIGN (0x2)
 *(.lowtext)
 *(.lowtext*)
                0x00000000000000e4                __ctors_start = .
 *(.ctors)
                0x00000000000000e4                __ctors_end = .
                0x00000000000000e4                __dtors_start = .
 *(.dtors)
                0x00000000000000e4                __dtors_end = .
 SORT_BY_NAME(*)(.ctors)
 SORT_BY_NAME(*)(.dtors)
 *(.init0)
 .init0         0x00000000000000e4        0x0 c:/program files (x86)/avr-gcc-12.0.1/bin/../lib/gcc/avr/12.1.0/../../../../avr/lib/avr6/crtatmega2560.o
                0x00000000000000e4                __init
 *(.init0)
 *(.init1)
 *(.init1)
 *(.init2)
 .init2         0x00000000000000e4       0x10 c:/program files (x86)/avr-gcc-12.0.1/bin/../lib/gcc/avr/12.1.0/../../../../avr/lib/avr6/crtatmega2560.o
 *(.init2)
 *(.init3)
 *(.init3)
 *(.init4)
 .init4         0x00000000000000f4       0x1a c:/program files (x86)/avr-gcc-12.0.1/bin/../lib/gcc/avr/12.1.0/avr6\libgcc.a(_copy_data.o)
                0x00000000000000f4                __do_copy_data
 .init4         0x000000000000010e       0x10 c:/program files (x86)/avr-gcc-12.0.1/bin/../lib/gcc/avr/12.1.0/avr6\libgcc.a(_clear_bss.o)
                0x000000000000010e                __do_clear_bss
 *(.init4)
 *(.init5)
 *(.init5)
 *(.init6)
 *(.init6)
 *(.init7)
 *(.init7)
 *(.init8)
 *(.init8)
 *(.init9)
 .init9         0x000000000000011e        0x8 c:/program files (x86)/avr-gcc-12.0.1/bin/../lib/gcc/avr/12.1.0/../../../../avr/lib/avr6/crtatmega2560.o
 *(.init9)
 *(.text)
 .text          0x0000000000000126        0x4 c:/program files (x86)/avr-gcc-12.0.1/bin/../lib/gcc/avr/12.1.0/../../../../avr/lib/avr6/crtatmega2560.o
                0x0000000000000126                __vector_38
                0x0000000000000126                __vector_22
                0x0000000000000126                __vector_28
                0x0000000000000126                __vector_32
                0x0000000000000126                __vector_34
                0x0000000000000126                __vector_24
                0x0000000000000126                __vector_12
                0x0000000000000126                __vector_55
                0x0000000000000126                __bad_interrupt
                0x0000000000000126                __vector_6
                0x0000000000000126                __vector_31
                0x0000000000000126                __vector_39
                0x0000000000000126                __vector_3
                0x0000000000000126                __vector_23
                0x0000000000000126                __vector_30
                0x0000000000000126                __vector_25
                0x0000000000000126                __vector_11
                0x0000000000000126                __vector_54
                0x0000000000000126                __vector_13
                0x0000000000000126                __vector_17
                0x0000000000000126                __vector_19
                0x0000000000000126                __vector_56
                0x0000000000000126                __vector_7
                0x0000000000000126                __vector_49
                0x0000000000000126                __vector_41
                0x0000000000000126                __vector_43
                0x0000000000000126                __vector_27
                0x0000000000000126                __vector_5
                0x0000000000000126                __vector_33
                0x0000000000000126                __vector_47
                0x0000000000000126                __vector_52
                0x0000000000000126                __vector_37
                0x0000000000000126                __vector_4
                0x0000000000000126                __vector_44
                0x0000000000000126                __vector_51
                0x0000000000000126                __vector_9
                0x0000000000000126                __vector_2
                0x0000000000000126                __vector_21
                0x0000000000000126                __vector_15
                0x0000000000000126                __vector_29
                0x0000000000000126                __vector_40
                0x0000000000000126                __vector_8
                0x0000000000000126                __vector_26
                0x0000000000000126                __vector_48
                0x0000000000000126                __vector_14
                0x0000000000000126                __vector_53
                0x0000000000000126                __vector_10
                0x0000000000000126                __vector_16
                0x0000000000000126                __vector_18
                0x0000000000000126                __vector_20
                0x0000000000000126                __vector_42
 .text          0x000000000000012a       0x46 obj\Debug\Debugging.o
                0x000000000000012a                initSerialCom
                0x0000000000000140                SerialComTransmit
                0x0000000000000150                Serialprint
 .text          0x0000000000000170      0x37e obj\Debug\display.o
                0x0000000000000170                display_start
                0x0000000000000192                display_stop
                0x00000000000001b4                display_sendbyte
                0x0000000000000204                display_brightness
                0x000000000000021e                display_number
                0x0000000000000280                display_letter
                0x00000000000002ae                display_init
                0x00000000000002d6                display_cfg
                0x0000000000000300                display_fol
                0x000000000000032a                display_cnt
                0x0000000000000354                display_turn
                0x000000000000037e                display_dist
                0x00000000000003a8                display_pac
                0x00000000000003d2                display_mode
                0x00000000000003e2                display_left
                0x000000000000040c                display_rght
                0x0000000000000436                display_direction
                0x0000000000000446                display_go
                0x0000000000000470                display_end
                0x000000000000049a                display_srch
                0x00000000000004c4                display_txt_stop
 .text          0x00000000000004ee        0x0 obj\Debug\fuse.o
 .text          0x00000000000004ee      0x128 obj\Debug\interface.o
                0x00000000000004ee                interpreter
 .text          0x0000000000000616       0x8a obj\Debug\knipperLicht.o
                0x0000000000000616                initKnipperLicht
                0x0000000000000620                toggleKnipperRechts
                0x0000000000000648                toggleKnipperLinks
                0x0000000000000670                toggleKnipperNood
 .text          0x00000000000006a0       0x20 obj\Debug\main.o
                0x00000000000006a0                main
 .text          0x00000000000006c0      0x934 obj\Debug\navigatieLogica.o
                0x00000000000006c0                metingPadbreedte
                0x00000000000006e0                vooruit
                0x00000000000006f2                stop
                0x0000000000000704                ramping
                0x000000000000071a                rechtdoor
                0x00000000000007e8                rechtdoorAnd
                0x000000000000099a                achteruit
                0x0000000000000a9a                linksom
                0x0000000000000b7c                rechtsom
                0x0000000000000c50                kwartslagDraaienRechts
                0x0000000000000c96                kwartslagDraaienLinks
                0x0000000000000cdc                Pirouette
                0x0000000000000d76                Pirouette2
                0x0000000000000dc8                calibrate
                0x0000000000000e6a                ongecontroleerdAchteruit
                0x0000000000000ed0                ongecontroleerdVooruit
                0x0000000000000ef6                ongecontroleerdVooruit2
                0x0000000000000f1c                kleinBeetjeVooruit
                0x0000000000000f52                minderBeetjeVooruit
                0x0000000000000f88                kleinBeetjeAchteruit
                0x0000000000000fc2                grootBeetjeVooruit
 .text          0x0000000000000ff4       0x36 obj\Debug\noodstop.o
                0x0000000000000ff4                initNoodstop
                0x0000000000001008                __vector_1
 .text          0x000000000000102a      0x19a obj\Debug\stepperDriver.o
                0x000000000000102a                initPinsStepper
                0x0000000000001054                disableStepper
                0x0000000000001068                initTimer3Stepper
                0x0000000000001084                initTimer4Stepper
                0x00000000000010a0                initStepper
                0x00000000000010ae                speedStepperRight
                0x00000000000010bc                speedStepperLeft
                0x00000000000010ca                toggleStepperDirectionRight
                0x00000000000010ee                toggleStepperDirectionLeft
                0x0000000000001122                __vector_45
                0x0000000000001146                __vector_35
                0x000000000000116a                clearStepCnt
                0x000000000000117c                enableStepCnt
                0x0000000000001192                disableStepCnt
                0x00000000000011a8                stepperBackward
                0x00000000000011b6                stepperForward
 .text          0x00000000000011c4       0x7c obj\Debug\UART.o
                0x00000000000011c4                initUsart
                0x00000000000011dc                sendByte
                0x00000000000011ec                flushUsart2Buffer
                0x0000000000001206                __vector_36
 .text          0x0000000000001240      0x186 obj\Debug\ultrasoon.o
                0x0000000000001240                init_timer5
                0x0000000000001276                init_pins_ultrasoon
                0x000000000000129e                init_ultrasoon
                0x00000000000012a8                __vector_50
                0x00000000000012d0                __vector_46
 .text          0x00000000000013c6        0x0 c:/program files (x86)/avr-gcc-12.0.1/bin/../lib/gcc/avr/12.1.0/avr6\libgcc.a(_divmodhi4.o)
 .text          0x00000000000013c6        0x0 c:/program files (x86)/avr-gcc-12.0.1/bin/../lib/gcc/avr/12.1.0/avr6\libgcc.a(_exit.o)
 .text          0x00000000000013c6        0x0 c:/program files (x86)/avr-gcc-12.0.1/bin/../lib/gcc/avr/12.1.0/avr6\libgcc.a(_copy_data.o)
 .text          0x00000000000013c6        0x0 c:/program files (x86)/avr-gcc-12.0.1/bin/../lib/gcc/avr/12.1.0/avr6\libgcc.a(_clear_bss.o)
 .text          0x00000000000013c6        0x0 c:/program files (x86)/avr-gcc-12.0.1/bin/../lib/gcc/avr/12.1.0/avr6\libgcc.a(_umulhisi3.o)
 .text          0x00000000000013c6        0x0 c:/program files (x86)/avr-gcc-12.0.1/bin/../lib/gcc/avr/12.1.0/avr6\libgcc.a(_udivmodhi4.o)
                0x00000000000013c6                . = ALIGN (0x2)
 *(.text.*)
 .text.libgcc.mul
                0x00000000000013c6        0x0 c:/program files (x86)/avr-gcc-12.0.1/bin/../lib/gcc/avr/12.1.0/avr6\libgcc.a(_divmodhi4.o)
 .text.libgcc.div
                0x00000000000013c6       0x28 c:/program files (x86)/avr-gcc-12.0.1/bin/../lib/gcc/avr/12.1.0/avr6\libgcc.a(_divmodhi4.o)
                0x00000000000013c6                _div
                0x00000000000013c6                __divmodhi4
 .text.libgcc   0x00000000000013ee        0x0 c:/program files (x86)/avr-gcc-12.0.1/bin/../lib/gcc/avr/12.1.0/avr6\libgcc.a(_divmodhi4.o)
 .text.libgcc.prologue
                0x00000000000013ee        0x0 c:/program files (x86)/avr-gcc-12.0.1/bin/../lib/gcc/avr/12.1.0/avr6\libgcc.a(_divmodhi4.o)
 .text.libgcc.builtins
                0x00000000000013ee        0x0 c:/program files (x86)/avr-gcc-12.0.1/bin/../lib/gcc/avr/12.1.0/avr6\libgcc.a(_divmodhi4.o)
 .text.libgcc.fmul
                0x00000000000013ee        0x0 c:/program files (x86)/avr-gcc-12.0.1/bin/../lib/gcc/avr/12.1.0/avr6\libgcc.a(_divmodhi4.o)
 .text.libgcc.fixed
                0x00000000000013ee        0x0 c:/program files (x86)/avr-gcc-12.0.1/bin/../lib/gcc/avr/12.1.0/avr6\libgcc.a(_divmodhi4.o)
 .text.libgcc.mul
                0x00000000000013ee        0x0 c:/program files (x86)/avr-gcc-12.0.1/bin/../lib/gcc/avr/12.1.0/avr6\libgcc.a(_exit.o)
 .text.libgcc.div
                0x00000000000013ee        0x0 c:/program files (x86)/avr-gcc-12.0.1/bin/../lib/gcc/avr/12.1.0/avr6\libgcc.a(_exit.o)
 .text.libgcc   0x00000000000013ee        0x0 c:/program files (x86)/avr-gcc-12.0.1/bin/../lib/gcc/avr/12.1.0/avr6\libgcc.a(_exit.o)
 .text.libgcc.prologue
                0x00000000000013ee        0x0 c:/program files (x86)/avr-gcc-12.0.1/bin/../lib/gcc/avr/12.1.0/avr6\libgcc.a(_exit.o)
 .text.libgcc.builtins
                0x00000000000013ee        0x0 c:/program files (x86)/avr-gcc-12.0.1/bin/../lib/gcc/avr/12.1.0/avr6\libgcc.a(_exit.o)
 .text.libgcc.fmul
                0x00000000000013ee        0x0 c:/program files (x86)/avr-gcc-12.0.1/bin/../lib/gcc/avr/12.1.0/avr6\libgcc.a(_exit.o)
 .text.libgcc.fixed
                0x00000000000013ee        0x0 c:/program files (x86)/avr-gcc-12.0.1/bin/../lib/gcc/avr/12.1.0/avr6\libgcc.a(_exit.o)
 .text.libgcc.mul
                0x00000000000013ee        0x0 c:/program files (x86)/avr-gcc-12.0.1/bin/../lib/gcc/avr/12.1.0/avr6\libgcc.a(_copy_data.o)
 .text.libgcc.div
                0x00000000000013ee        0x0 c:/program files (x86)/avr-gcc-12.0.1/bin/../lib/gcc/avr/12.1.0/avr6\libgcc.a(_copy_data.o)
 .text.libgcc   0x00000000000013ee        0x0 c:/program files (x86)/avr-gcc-12.0.1/bin/../lib/gcc/avr/12.1.0/avr6\libgcc.a(_copy_data.o)
 .text.libgcc.prologue
                0x00000000000013ee        0x0 c:/program files (x86)/avr-gcc-12.0.1/bin/../lib/gcc/avr/12.1.0/avr6\libgcc.a(_copy_data.o)
 .text.libgcc.builtins
                0x00000000000013ee        0x0 c:/program files (x86)/avr-gcc-12.0.1/bin/../lib/gcc/avr/12.1.0/avr6\libgcc.a(_copy_data.o)
 .text.libgcc.fmul
                0x00000000000013ee        0x0 c:/program files (x86)/avr-gcc-12.0.1/bin/../lib/gcc/avr/12.1.0/avr6\libgcc.a(_copy_data.o)
 .text.libgcc.fixed
                0x00000000000013ee        0x0 c:/program files (x86)/avr-gcc-12.0.1/bin/../lib/gcc/avr/12.1.0/avr6\libgcc.a(_copy_data.o)
 .text.libgcc.mul
                0x00000000000013ee        0x0 c:/program files (x86)/avr-gcc-12.0.1/bin/../lib/gcc/avr/12.1.0/avr6\libgcc.a(_clear_bss.o)
 .text.libgcc.div
                0x00000000000013ee        0x0 c:/program files (x86)/avr-gcc-12.0.1/bin/../lib/gcc/avr/12.1.0/avr6\libgcc.a(_clear_bss.o)
 .text.libgcc   0x00000000000013ee        0x0 c:/program files (x86)/avr-gcc-12.0.1/bin/../lib/gcc/avr/12.1.0/avr6\libgcc.a(_clear_bss.o)
 .text.libgcc.prologue
                0x00000000000013ee        0x0 c:/program files (x86)/avr-gcc-12.0.1/bin/../lib/gcc/avr/12.1.0/avr6\libgcc.a(_clear_bss.o)
 .text.libgcc.builtins
                0x00000000000013ee        0x0 c:/program files (x86)/avr-gcc-12.0.1/bin/../lib/gcc/avr/12.1.0/avr6\libgcc.a(_clear_bss.o)
 .text.libgcc.fmul
                0x00000000000013ee        0x0 c:/program files (x86)/avr-gcc-12.0.1/bin/../lib/gcc/avr/12.1.0/avr6\libgcc.a(_clear_bss.o)
 .text.libgcc.fixed
                0x00000000000013ee        0x0 c:/program files (x86)/avr-gcc-12.0.1/bin/../lib/gcc/avr/12.1.0/avr6\libgcc.a(_clear_bss.o)
 .text.libgcc.mul
                0x00000000000013ee       0x1e c:/program files (x86)/avr-gcc-12.0.1/bin/../lib/gcc/avr/12.1.0/avr6\libgcc.a(_umulhisi3.o)
                0x00000000000013ee                __umulhisi3
 .text.libgcc.div
                0x000000000000140c        0x0 c:/program files (x86)/avr-gcc-12.0.1/bin/../lib/gcc/avr/12.1.0/avr6\libgcc.a(_umulhisi3.o)
 .text.libgcc   0x000000000000140c        0x0 c:/program files (x86)/avr-gcc-12.0.1/bin/../lib/gcc/avr/12.1.0/avr6\libgcc.a(_umulhisi3.o)
 .text.libgcc.prologue
                0x000000000000140c        0x0 c:/program files (x86)/avr-gcc-12.0.1/bin/../lib/gcc/avr/12.1.0/avr6\libgcc.a(_umulhisi3.o)
 .text.libgcc.builtins
                0x000000000000140c        0x0 c:/program files (x86)/avr-gcc-12.0.1/bin/../lib/gcc/avr/12.1.0/avr6\libgcc.a(_umulhisi3.o)
 .text.libgcc.fmul
                0x000000000000140c        0x0 c:/program files (x86)/avr-gcc-12.0.1/bin/../lib/gcc/avr/12.1.0/avr6\libgcc.a(_umulhisi3.o)
 .text.libgcc.fixed
                0x000000000000140c        0x0 c:/program files (x86)/avr-gcc-12.0.1/bin/../lib/gcc/avr/12.1.0/avr6\libgcc.a(_umulhisi3.o)
 .text.libgcc.mul
                0x000000000000140c        0x0 c:/program files (x86)/avr-gcc-12.0.1/bin/../lib/gcc/avr/12.1.0/avr6\libgcc.a(_udivmodhi4.o)
 .text.libgcc.div
                0x000000000000140c       0x28 c:/program files (x86)/avr-gcc-12.0.1/bin/../lib/gcc/avr/12.1.0/avr6\libgcc.a(_udivmodhi4.o)
                0x000000000000140c                __udivmodhi4
 .text.libgcc   0x0000000000001434        0x0 c:/program files (x86)/avr-gcc-12.0.1/bin/../lib/gcc/avr/12.1.0/avr6\libgcc.a(_udivmodhi4.o)
 .text.libgcc.prologue
                0x0000000000001434        0x0 c:/program files (x86)/avr-gcc-12.0.1/bin/../lib/gcc/avr/12.1.0/avr6\libgcc.a(_udivmodhi4.o)
 .text.libgcc.builtins
                0x0000000000001434        0x0 c:/program files (x86)/avr-gcc-12.0.1/bin/../lib/gcc/avr/12.1.0/avr6\libgcc.a(_udivmodhi4.o)
 .text.libgcc.fmul
                0x0000000000001434        0x0 c:/program files (x86)/avr-gcc-12.0.1/bin/../lib/gcc/avr/12.1.0/avr6\libgcc.a(_udivmodhi4.o)
 .text.libgcc.fixed
                0x0000000000001434        0x0 c:/program files (x86)/avr-gcc-12.0.1/bin/../lib/gcc/avr/12.1.0/avr6\libgcc.a(_udivmodhi4.o)
                0x0000000000001434                . = ALIGN (0x2)
 *(.fini9)
 .fini9         0x0000000000001434        0x0 c:/program files (x86)/avr-gcc-12.0.1/bin/../lib/gcc/avr/12.1.0/avr6\libgcc.a(_exit.o)
                0x0000000000001434                _exit
                0x0000000000001434                exit
 *(.fini9)
 *(.fini8)
 *(.fini8)
 *(.fini7)
 *(.fini7)
 *(.fini6)
 *(.fini6)
 *(.fini5)
 *(.fini5)
 *(.fini4)
 *(.fini4)
 *(.fini3)
 *(.fini3)
 *(.fini2)
 *(.fini2)
 *(.fini1)
 *(.fini1)
 *(.fini0)
 .fini0         0x0000000000001434        0x4 c:/program files (x86)/avr-gcc-12.0.1/bin/../lib/gcc/avr/12.1.0/avr6\libgcc.a(_exit.o)
 *(.fini0)
 *(.hightext)
 *(.hightext*)
 *(.progmemx.*)
                0x0000000000001438                . = ALIGN (0x2)
 *(.jumptables)
 *(.jumptables*)
                0x0000000000001438                _etext = .

.data           0x0000000000800200       0x22 load address 0x0000000000001438
                0x0000000000800200                PROVIDE (__data_start = .)
 *(.data)
 .data          0x0000000000800200        0x0 c:/program files (x86)/avr-gcc-12.0.1/bin/../lib/gcc/avr/12.1.0/../../../../avr/lib/avr6/crtatmega2560.o
 .data          0x0000000000800200        0x0 obj\Debug\Debugging.o
 .data          0x0000000000800200        0x0 obj\Debug\display.o
 .data          0x0000000000800200        0x0 obj\Debug\fuse.o
 .data          0x0000000000800200        0x0 obj\Debug\interface.o
 .data          0x0000000000800200        0x0 obj\Debug\knipperLicht.o
 .data          0x0000000000800200        0x0 obj\Debug\main.o
 .data          0x0000000000800200        0x0 obj\Debug\navigatieLogica.o
 .data          0x0000000000800200        0x0 obj\Debug\noodstop.o
 .data          0x0000000000800200        0x0 obj\Debug\stepperDriver.o
 .data          0x0000000000800200        0x0 obj\Debug\UART.o
 .data          0x0000000000800200        0x0 obj\Debug\ultrasoon.o
 .data          0x0000000000800200        0x0 c:/program files (x86)/avr-gcc-12.0.1/bin/../lib/gcc/avr/12.1.0/avr6\libgcc.a(_divmodhi4.o)
 .data          0x0000000000800200        0x0 c:/program files (x86)/avr-gcc-12.0.1/bin/../lib/gcc/avr/12.1.0/avr6\libgcc.a(_exit.o)
 .data          0x0000000000800200        0x0 c:/program files (x86)/avr-gcc-12.0.1/bin/../lib/gcc/avr/12.1.0/avr6\libgcc.a(_copy_data.o)
 .data          0x0000000000800200        0x0 c:/program files (x86)/avr-gcc-12.0.1/bin/../lib/gcc/avr/12.1.0/avr6\libgcc.a(_clear_bss.o)
 .data          0x0000000000800200        0x0 c:/program files (x86)/avr-gcc-12.0.1/bin/../lib/gcc/avr/12.1.0/avr6\libgcc.a(_umulhisi3.o)
 .data          0x0000000000800200        0x0 c:/program files (x86)/avr-gcc-12.0.1/bin/../lib/gcc/avr/12.1.0/avr6\libgcc.a(_udivmodhi4.o)
 *(.data*)
 *(.gnu.linkonce.d*)
 *(.rodata)
 .rodata        0x0000000000800200       0x1f obj\Debug\display.o
                0x0000000000800200                letters
                0x0000000000800214                digits
 .rodata        0x000000000080021f        0x2 obj\Debug\UART.o
                0x000000000080021f                BRC
 *(.rodata*)
 *(.gnu.linkonce.r*)
                0x0000000000800222                . = ALIGN (0x2)
 *fill*         0x0000000000800221        0x1 
                0x0000000000800222                _edata = .
                0x0000000000800222                PROVIDE (__data_end = .)

.bss            0x0000000000800222       0x1c
                0x0000000000800222                PROVIDE (__bss_start = .)
 *(.bss)
 .bss           0x0000000000800222        0x0 c:/program files (x86)/avr-gcc-12.0.1/bin/../lib/gcc/avr/12.1.0/../../../../avr/lib/avr6/crtatmega2560.o
 .bss           0x0000000000800222        0x0 obj\Debug\Debugging.o
 .bss           0x0000000000800222        0x0 obj\Debug\display.o
 .bss           0x0000000000800222        0x0 obj\Debug\fuse.o
 .bss           0x0000000000800222        0x0 obj\Debug\interface.o
 .bss           0x0000000000800222        0x6 obj\Debug\knipperLicht.o
 .bss           0x0000000000800228        0x0 obj\Debug\main.o
 .bss           0x0000000000800228        0x2 obj\Debug\navigatieLogica.o
                0x0000000000800228                padbreedte
 .bss           0x000000000080022a        0x0 obj\Debug\noodstop.o
 .bss           0x000000000080022a        0x8 obj\Debug\stepperDriver.o
                0x000000000080022a                stepCounterRight
                0x000000000080022c                stepCounterLeft
 .bss           0x0000000000800232        0x4 obj\Debug\UART.o
                0x0000000000800232                stopRequest
                0x0000000000800234                serialData
 .bss           0x0000000000800236        0x8 obj\Debug\ultrasoon.o
                0x0000000000800236                current_sensor
                0x0000000000800238                distance_left
                0x000000000080023a                distance_right
 .bss           0x000000000080023e        0x0 c:/program files (x86)/avr-gcc-12.0.1/bin/../lib/gcc/avr/12.1.0/avr6\libgcc.a(_divmodhi4.o)
 .bss           0x000000000080023e        0x0 c:/program files (x86)/avr-gcc-12.0.1/bin/../lib/gcc/avr/12.1.0/avr6\libgcc.a(_exit.o)
 .bss           0x000000000080023e        0x0 c:/program files (x86)/avr-gcc-12.0.1/bin/../lib/gcc/avr/12.1.0/avr6\libgcc.a(_copy_data.o)
 .bss           0x000000000080023e        0x0 c:/program files (x86)/avr-gcc-12.0.1/bin/../lib/gcc/avr/12.1.0/avr6\libgcc.a(_clear_bss.o)
 .bss           0x000000000080023e        0x0 c:/program files (x86)/avr-gcc-12.0.1/bin/../lib/gcc/avr/12.1.0/avr6\libgcc.a(_umulhisi3.o)
 .bss           0x000000000080023e        0x0 c:/program files (x86)/avr-gcc-12.0.1/bin/../lib/gcc/avr/12.1.0/avr6\libgcc.a(_udivmodhi4.o)
 *(.bss*)
 *(COMMON)
                0x000000000080023e                PROVIDE (__bss_end = .)
                0x0000000000001438                __data_load_start = LOADADDR (.data)
                0x000000000000145a                __data_load_end = (__data_load_start + SIZEOF (.data))

.noinit         0x000000000080023e        0x0
                [!provide]                        PROVIDE (__noinit_start = .)
 *(.noinit .noinit.* .gnu.linkonce.n.*)
                [!provide]                        PROVIDE (__noinit_end = .)
                0x000000000080023e                _end = .
                [!provide]                        PROVIDE (__heap_start = .)

.eeprom         0x0000000000810000        0x0
 *(.eeprom*)
                0x0000000000810000                __eeprom_end = .

.fuse           0x0000000000820000        0x3
 *(.fuse)
 .fuse          0x0000000000820000        0x3 obj\Debug\fuse.o
                0x0000000000820000                __fuse
 *(.lfuse)
 *(.hfuse)
 *(.efuse)

.lock
 *(.lock*)

.signature
 *(.signature*)

.stab
 *(.stab)

.stabstr
 *(.stabstr)

.stab.excl
 *(.stab.excl)

.stab.exclstr
 *(.stab.exclstr)

.stab.index
 *(.stab.index)

.stab.indexstr
 *(.stab.indexstr)

.comment        0x0000000000000000       0x12
 *(.comment)
 .comment       0x0000000000000000       0x12 obj\Debug\Debugging.o
                                         0x13 (size before relaxing)
 .comment       0x0000000000000012       0x13 obj\Debug\display.o
 .comment       0x0000000000000012       0x13 obj\Debug\fuse.o
 .comment       0x0000000000000012       0x13 obj\Debug\interface.o
 .comment       0x0000000000000012       0x13 obj\Debug\knipperLicht.o
 .comment       0x0000000000000012       0x13 obj\Debug\main.o
 .comment       0x0000000000000012       0x13 obj\Debug\navigatieLogica.o
 .comment       0x0000000000000012       0x13 obj\Debug\noodstop.o
 .comment       0x0000000000000012       0x13 obj\Debug\stepperDriver.o
 .comment       0x0000000000000012       0x13 obj\Debug\UART.o
 .comment       0x0000000000000012       0x13 obj\Debug\ultrasoon.o

.note.gnu.avr.deviceinfo
                0x0000000000000000       0x40
 .note.gnu.avr.deviceinfo
                0x0000000000000000       0x40 c:/program files (x86)/avr-gcc-12.0.1/bin/../lib/gcc/avr/12.1.0/../../../../avr/lib/avr6/crtatmega2560.o

.note.gnu.build-id
 *(.note.gnu.build-id)

.debug
 *(.debug)

.line
 *(.line)

.debug_srcinfo
 *(.debug_srcinfo)

.debug_sfnames
 *(.debug_sfnames)

.debug_aranges  0x0000000000000000      0x218
 *(.debug_aranges)
 .debug_aranges
                0x0000000000000000       0x20 obj\Debug\Debugging.o
 .debug_aranges
                0x0000000000000020       0x20 obj\Debug\display.o
 .debug_aranges
                0x0000000000000040       0x18 obj\Debug\fuse.o
 .debug_aranges
                0x0000000000000058       0x20 obj\Debug\interface.o
 .debug_aranges
                0x0000000000000078       0x20 obj\Debug\knipperLicht.o
 .debug_aranges
                0x0000000000000098       0x20 obj\Debug\main.o
 .debug_aranges
                0x00000000000000b8       0x20 obj\Debug\navigatieLogica.o
 .debug_aranges
                0x00000000000000d8       0x20 obj\Debug\noodstop.o
 .debug_aranges
                0x00000000000000f8       0x20 obj\Debug\stepperDriver.o
 .debug_aranges
                0x0000000000000118       0x20 obj\Debug\UART.o
 .debug_aranges
                0x0000000000000138       0x20 obj\Debug\ultrasoon.o
 .debug_aranges
                0x0000000000000158       0x20 c:/program files (x86)/avr-gcc-12.0.1/bin/../lib/gcc/avr/12.1.0/avr6\libgcc.a(_divmodhi4.o)
 .debug_aranges
                0x0000000000000178       0x20 c:/program files (x86)/avr-gcc-12.0.1/bin/../lib/gcc/avr/12.1.0/avr6\libgcc.a(_exit.o)
 .debug_aranges
                0x0000000000000198       0x20 c:/program files (x86)/avr-gcc-12.0.1/bin/../lib/gcc/avr/12.1.0/avr6\libgcc.a(_copy_data.o)
 .debug_aranges
                0x00000000000001b8       0x20 c:/program files (x86)/avr-gcc-12.0.1/bin/../lib/gcc/avr/12.1.0/avr6\libgcc.a(_clear_bss.o)
 .debug_aranges
                0x00000000000001d8       0x20 c:/program files (x86)/avr-gcc-12.0.1/bin/../lib/gcc/avr/12.1.0/avr6\libgcc.a(_umulhisi3.o)
 .debug_aranges
                0x00000000000001f8       0x20 c:/program files (x86)/avr-gcc-12.0.1/bin/../lib/gcc/avr/12.1.0/avr6\libgcc.a(_udivmodhi4.o)

.debug_pubnames
 *(.debug_pubnames)

.debug_info     0x0000000000000000     0x2c5c
 *(.debug_info .gnu.linkonce.wi.*)
 .debug_info    0x0000000000000000      0xbbc c:/program files (x86)/avr-gcc-12.0.1/bin/../lib/gcc/avr/12.1.0/../../../../avr/lib/avr6/crtatmega2560.o
 .debug_info    0x0000000000000bbc       0xf7 obj\Debug\Debugging.o
 .debug_info    0x0000000000000cb3      0x957 obj\Debug\display.o
 .debug_info    0x000000000000160a       0xa2 obj\Debug\fuse.o
 .debug_info    0x00000000000016ac      0x1d7 obj\Debug\interface.o
 .debug_info    0x0000000000001883       0xec obj\Debug\knipperLicht.o
 .debug_info    0x000000000000196f       0xe6 obj\Debug\main.o
 .debug_info    0x0000000000001a55      0xbc7 obj\Debug\navigatieLogica.o
 .debug_info    0x000000000000261c       0xbb obj\Debug\noodstop.o
 .debug_info    0x00000000000026d7      0x227 obj\Debug\stepperDriver.o
 .debug_info    0x00000000000028fe      0x128 obj\Debug\UART.o
 .debug_info    0x0000000000002a26      0x15e obj\Debug\ultrasoon.o
 .debug_info    0x0000000000002b84       0x24 c:/program files (x86)/avr-gcc-12.0.1/bin/../lib/gcc/avr/12.1.0/avr6\libgcc.a(_divmodhi4.o)
 .debug_info    0x0000000000002ba8       0x24 c:/program files (x86)/avr-gcc-12.0.1/bin/../lib/gcc/avr/12.1.0/avr6\libgcc.a(_exit.o)
 .debug_info    0x0000000000002bcc       0x24 c:/program files (x86)/avr-gcc-12.0.1/bin/../lib/gcc/avr/12.1.0/avr6\libgcc.a(_copy_data.o)
 .debug_info    0x0000000000002bf0       0x24 c:/program files (x86)/avr-gcc-12.0.1/bin/../lib/gcc/avr/12.1.0/avr6\libgcc.a(_clear_bss.o)
 .debug_info    0x0000000000002c14       0x24 c:/program files (x86)/avr-gcc-12.0.1/bin/../lib/gcc/avr/12.1.0/avr6\libgcc.a(_umulhisi3.o)
 .debug_info    0x0000000000002c38       0x24 c:/program files (x86)/avr-gcc-12.0.1/bin/../lib/gcc/avr/12.1.0/avr6\libgcc.a(_udivmodhi4.o)

.debug_abbrev   0x0000000000000000     0x13a1
 *(.debug_abbrev)
 .debug_abbrev  0x0000000000000000      0xb1a c:/program files (x86)/avr-gcc-12.0.1/bin/../lib/gcc/avr/12.1.0/../../../../avr/lib/avr6/crtatmega2560.o
 .debug_abbrev  0x0000000000000b1a       0xc1 obj\Debug\Debugging.o
 .debug_abbrev  0x0000000000000bdb      0x113 obj\Debug\display.o
 .debug_abbrev  0x0000000000000cee       0x7b obj\Debug\fuse.o
 .debug_abbrev  0x0000000000000d69       0x74 obj\Debug\interface.o
 .debug_abbrev  0x0000000000000ddd       0x82 obj\Debug\knipperLicht.o
 .debug_abbrev  0x0000000000000e5f       0x62 obj\Debug\main.o
 .debug_abbrev  0x0000000000000ec1      0x14d obj\Debug\navigatieLogica.o
 .debug_abbrev  0x000000000000100e       0x8b obj\Debug\noodstop.o
 .debug_abbrev  0x0000000000001099       0xcd obj\Debug\stepperDriver.o
 .debug_abbrev  0x0000000000001166       0xdb obj\Debug\UART.o
 .debug_abbrev  0x0000000000001241       0xe8 obj\Debug\ultrasoon.o
 .debug_abbrev  0x0000000000001329       0x14 c:/program files (x86)/avr-gcc-12.0.1/bin/../lib/gcc/avr/12.1.0/avr6\libgcc.a(_divmodhi4.o)
 .debug_abbrev  0x000000000000133d       0x14 c:/program files (x86)/avr-gcc-12.0.1/bin/../lib/gcc/avr/12.1.0/avr6\libgcc.a(_exit.o)
 .debug_abbrev  0x0000000000001351       0x14 c:/program files (x86)/avr-gcc-12.0.1/bin/../lib/gcc/avr/12.1.0/avr6\libgcc.a(_copy_data.o)
 .debug_abbrev  0x0000000000001365       0x14 c:/program files (x86)/avr-gcc-12.0.1/bin/../lib/gcc/avr/12.1.0/avr6\libgcc.a(_clear_bss.o)
 .debug_abbrev  0x0000000000001379       0x14 c:/program files (x86)/avr-gcc-12.0.1/bin/../lib/gcc/avr/12.1.0/avr6\libgcc.a(_umulhisi3.o)
 .debug_abbrev  0x000000000000138d       0x14 c:/program files (x86)/avr-gcc-12.0.1/bin/../lib/gcc/avr/12.1.0/avr6\libgcc.a(_udivmodhi4.o)

.debug_line     0x0000000000000000     0x2798
 *(.debug_line .debug_line.* .debug_line_end)
 .debug_line    0x0000000000000000       0x1d c:/program files (x86)/avr-gcc-12.0.1/bin/../lib/gcc/avr/12.1.0/../../../../avr/lib/avr6/crtatmega2560.o
 .debug_line    0x000000000000001d      0x148 obj\Debug\Debugging.o
 .debug_line    0x0000000000000165      0x652 obj\Debug\display.o
 .debug_line    0x00000000000007b7       0x3f obj\Debug\fuse.o
 .debug_line    0x00000000000007f6      0x1df obj\Debug\interface.o
 .debug_line    0x00000000000009d5      0x2a4 obj\Debug\knipperLicht.o
 .debug_line    0x0000000000000c79       0xb4 obj\Debug\main.o
 .debug_line    0x0000000000000d2d      0xd1f obj\Debug\navigatieLogica.o
 .debug_line    0x0000000000001a4c       0xf9 obj\Debug\noodstop.o
 .debug_line    0x0000000000001b45      0x487 obj\Debug\stepperDriver.o
 .debug_line    0x0000000000001fcc      0x197 obj\Debug\UART.o
 .debug_line    0x0000000000002163      0x2c9 obj\Debug\ultrasoon.o
 .debug_line    0x000000000000242c       0xb7 c:/program files (x86)/avr-gcc-12.0.1/bin/../lib/gcc/avr/12.1.0/avr6\libgcc.a(_divmodhi4.o)
 .debug_line    0x00000000000024e3       0x51 c:/program files (x86)/avr-gcc-12.0.1/bin/../lib/gcc/avr/12.1.0/avr6\libgcc.a(_exit.o)
 .debug_line    0x0000000000002534       0x93 c:/program files (x86)/avr-gcc-12.0.1/bin/../lib/gcc/avr/12.1.0/avr6\libgcc.a(_copy_data.o)
 .debug_line    0x00000000000025c7       0x75 c:/program files (x86)/avr-gcc-12.0.1/bin/../lib/gcc/avr/12.1.0/avr6\libgcc.a(_clear_bss.o)
 .debug_line    0x000000000000263c       0x9f c:/program files (x86)/avr-gcc-12.0.1/bin/../lib/gcc/avr/12.1.0/avr6\libgcc.a(_umulhisi3.o)
 .debug_line    0x00000000000026db       0xbd c:/program files (x86)/avr-gcc-12.0.1/bin/../lib/gcc/avr/12.1.0/avr6\libgcc.a(_udivmodhi4.o)

.debug_frame    0x0000000000000000      0x648
 *(.debug_frame)
 .debug_frame   0x0000000000000000       0x50 obj\Debug\Debugging.o
 .debug_frame   0x0000000000000050      0x198 obj\Debug\display.o
 .debug_frame   0x00000000000001e8       0x24 obj\Debug\interface.o
 .debug_frame   0x000000000000020c       0x54 obj\Debug\knipperLicht.o
 .debug_frame   0x0000000000000260       0x24 obj\Debug\main.o
 .debug_frame   0x0000000000000284      0x164 obj\Debug\navigatieLogica.o
 .debug_frame   0x00000000000003e8       0x40 obj\Debug\noodstop.o
 .debug_frame   0x0000000000000428      0x124 obj\Debug\stepperDriver.o
 .debug_frame   0x000000000000054c       0x5c obj\Debug\UART.o
 .debug_frame   0x00000000000005a8       0xa0 obj\Debug\ultrasoon.o

.debug_str      0x0000000000000000      0xa50
 *(.debug_str)
 .debug_str     0x0000000000000000      0x3e9 c:/program files (x86)/avr-gcc-12.0.1/bin/../lib/gcc/avr/12.1.0/../../../../avr/lib/avr6/crtatmega2560.o
 .debug_str     0x00000000000003e9       0xc8 obj\Debug\Debugging.o
                                        0x101 (size before relaxing)
 .debug_str     0x00000000000004b1      0x13a obj\Debug\display.o
                                        0x228 (size before relaxing)
 .debug_str     0x00000000000005eb       0x1e obj\Debug\fuse.o
                                         0xdc (size before relaxing)
 .debug_str     0x0000000000000609      0x122 obj\Debug\interface.o
                                        0x1e5 (size before relaxing)
 .debug_str     0x000000000000072b       0x50 obj\Debug\knipperLicht.o
                                        0x116 (size before relaxing)
 .debug_str     0x000000000000077b       0x49 obj\Debug\main.o
                                        0x124 (size before relaxing)
 .debug_str     0x00000000000007c4      0x12f obj\Debug\navigatieLogica.o
                                        0x324 (size before relaxing)
 .debug_str     0x00000000000008f3        0xb obj\Debug\noodstop.o
                                         0xf5 (size before relaxing)
 .debug_str     0x00000000000008fe       0x86 obj\Debug\stepperDriver.o
                                        0x211 (size before relaxing)
 .debug_str     0x0000000000000984       0x12 obj\Debug\UART.o
                                        0x122 (size before relaxing)
 .debug_str     0x0000000000000996       0x5b obj\Debug\ultrasoon.o
                                        0x15b (size before relaxing)
 .debug_str     0x00000000000009f1       0x5f c:/program files (x86)/avr-gcc-12.0.1/bin/../lib/gcc/avr/12.1.0/avr6\libgcc.a(_divmodhi4.o)
 .debug_str     0x0000000000000a50       0x5f c:/program files (x86)/avr-gcc-12.0.1/bin/../lib/gcc/avr/12.1.0/avr6\libgcc.a(_exit.o)
 .debug_str     0x0000000000000a50       0x5f c:/program files (x86)/avr-gcc-12.0.1/bin/../lib/gcc/avr/12.1.0/avr6\libgcc.a(_copy_data.o)
 .debug_str     0x0000000000000a50       0x5f c:/program files (x86)/avr-gcc-12.0.1/bin/../lib/gcc/avr/12.1.0/avr6\libgcc.a(_clear_bss.o)
 .debug_str     0x0000000000000a50       0x5f c:/program files (x86)/avr-gcc-12.0.1/bin/../lib/gcc/avr/12.1.0/avr6\libgcc.a(_umulhisi3.o)
 .debug_str     0x0000000000000a50       0x5f c:/program files (x86)/avr-gcc-12.0.1/bin/../lib/gcc/avr/12.1.0/avr6\libgcc.a(_udivmodhi4.o)

.debug_loc
 *(.debug_loc)

.debug_macinfo
 *(.debug_macinfo)

.debug_weaknames
 *(.debug_weaknames)

.debug_funcnames
 *(.debug_funcnames)

.debug_typenames
 *(.debug_typenames)

.debug_varnames
 *(.debug_varnames)

.debug_pubtypes
 *(.debug_pubtypes)

.debug_ranges
 *(.debug_ranges)

.debug_addr
 *(.debug_addr)

.debug_line_str
                0x0000000000000000      0x214
 *(.debug_line_str)
 .debug_line_str
                0x0000000000000000       0xb6 obj\Debug\Debugging.o
                                        0x13d (size before relaxing)
 .debug_line_str
                0x00000000000000b6        0xa obj\Debug\display.o
                                        0x137 (size before relaxing)
 .debug_line_str
                0x00000000000000c0       0x44 obj\Debug\fuse.o
                                        0x130 (size before relaxing)
 .debug_line_str
                0x0000000000000104       0x25 obj\Debug\interface.o
                                        0x11b (size before relaxing)
 .debug_line_str
                0x0000000000000129        0xf obj\Debug\knipperLicht.o
                                        0x146 (size before relaxing)
 .debug_line_str
                0x0000000000000138       0x49 obj\Debug\main.o
                                        0x13c (size before relaxing)
 .debug_line_str
                0x0000000000000181       0x12 obj\Debug\navigatieLogica.o
                                        0x146 (size before relaxing)
 .debug_line_str
                0x0000000000000193        0xb obj\Debug\noodstop.o
                                        0x15b (size before relaxing)
 .debug_line_str
                0x000000000000019e       0x10 obj\Debug\stepperDriver.o
                                        0x159 (size before relaxing)
 .debug_line_str
                0x00000000000001ae        0x7 obj\Debug\UART.o
                                        0x135 (size before relaxing)
 .debug_line_str
                0x00000000000001b5        0xc obj\Debug\ultrasoon.o
                                        0x149 (size before relaxing)
 .debug_line_str
                0x00000000000001c1       0x53 c:/program files (x86)/avr-gcc-12.0.1/bin/../lib/gcc/avr/12.1.0/avr6\libgcc.a(_divmodhi4.o)
                                         0x5f (size before relaxing)
 .debug_line_str
                0x0000000000000214       0x5f c:/program files (x86)/avr-gcc-12.0.1/bin/../lib/gcc/avr/12.1.0/avr6\libgcc.a(_exit.o)
 .debug_line_str
                0x0000000000000214       0x5f c:/program files (x86)/avr-gcc-12.0.1/bin/../lib/gcc/avr/12.1.0/avr6\libgcc.a(_copy_data.o)
 .debug_line_str
                0x0000000000000214       0x5f c:/program files (x86)/avr-gcc-12.0.1/bin/../lib/gcc/avr/12.1.0/avr6\libgcc.a(_clear_bss.o)
 .debug_line_str
                0x0000000000000214       0x5f c:/program files (x86)/avr-gcc-12.0.1/bin/../lib/gcc/avr/12.1.0/avr6\libgcc.a(_umulhisi3.o)
 .debug_line_str
                0x0000000000000214       0x5f c:/program files (x86)/avr-gcc-12.0.1/bin/../lib/gcc/avr/12.1.0/avr6\libgcc.a(_udivmodhi4.o)

.debug_loclists
                0x0000000000000000      0x1e0
 *(.debug_loclists)
 .debug_loclists
                0x0000000000000000       0x5a obj\Debug\Debugging.o
 .debug_loclists
                0x000000000000005a      0x138 obj\Debug\display.o
 .debug_loclists
                0x0000000000000192       0x25 obj\Debug\navigatieLogica.o
 .debug_loclists
                0x00000000000001b7       0x29 obj\Debug\ultrasoon.o

.debug_macro
 *(.debug_macro)

.debug_names
 *(.debug_names)

.debug_rnglists
                0x0000000000000000       0x1f
 *(.debug_rnglists)
 .debug_rnglists
                0x0000000000000000       0x1f obj\Debug\display.o

.debug_str_offsets
 *(.debug_str_offsets)

.debug_sup
 *(.debug_sup)
OUTPUT(bin\Debug\AGV.elf elf32-avr)
LOAD linker stubs

Cross Reference Table

Symbol                                            File
BRC                                               obj\Debug\UART.o
Pirouette                                         obj\Debug\navigatieLogica.o
                                                  obj\Debug\interface.o
Pirouette2                                        obj\Debug\navigatieLogica.o
                                                  obj\Debug\interface.o
SerialComTransmit                                 obj\Debug\Debugging.o
Serialprint                                       obj\Debug\Debugging.o
__FUSE_REGION_LENGTH__                            c:/program files (x86)/avr-gcc-12.0.1/bin/../lib/gcc/avr/12.1.0/../../../../avr/lib/avr6/crtatmega2560.o
__bad_interrupt                                   c:/program files (x86)/avr-gcc-12.0.1/bin/../lib/gcc/avr/12.1.0/../../../../avr/lib/avr6/crtatmega2560.o
__bss_end                                         c:/program files (x86)/avr-gcc-12.0.1/bin/../lib/gcc/avr/12.1.0/avr6\libgcc.a(_clear_bss.o)
__bss_start                                       c:/program files (x86)/avr-gcc-12.0.1/bin/../lib/gcc/avr/12.1.0/avr6\libgcc.a(_clear_bss.o)
__data_end                                        c:/program files (x86)/avr-gcc-12.0.1/bin/../lib/gcc/avr/12.1.0/avr6\libgcc.a(_copy_data.o)
__data_load_start                                 c:/program files (x86)/avr-gcc-12.0.1/bin/../lib/gcc/avr/12.1.0/avr6\libgcc.a(_copy_data.o)
__data_start                                      c:/program files (x86)/avr-gcc-12.0.1/bin/../lib/gcc/avr/12.1.0/avr6\libgcc.a(_copy_data.o)
__divmodhi4                                       c:/program files (x86)/avr-gcc-12.0.1/bin/../lib/gcc/avr/12.1.0/avr6\libgcc.a(_divmodhi4.o)
                                                  obj\Debug\display.o
__do_clear_bss                                    c:/program files (x86)/avr-gcc-12.0.1/bin/../lib/gcc/avr/12.1.0/avr6\libgcc.a(_clear_bss.o)
                                                  obj\Debug\ultrasoon.o
                                                  obj\Debug\UART.o
                                                  obj\Debug\stepperDriver.o
                                                  obj\Debug\navigatieLogica.o
                                                  obj\Debug\knipperLicht.o
__do_copy_data                                    c:/program files (x86)/avr-gcc-12.0.1/bin/../lib/gcc/avr/12.1.0/avr6\libgcc.a(_copy_data.o)
                                                  obj\Debug\UART.o
                                                  obj\Debug\display.o
__fuse                                            obj\Debug\fuse.o
__heap_end                                        c:/program files (x86)/avr-gcc-12.0.1/bin/../lib/gcc/avr/12.1.0/../../../../avr/lib/avr6/crtatmega2560.o
__init                                            c:/program files (x86)/avr-gcc-12.0.1/bin/../lib/gcc/avr/12.1.0/../../../../avr/lib/avr6/crtatmega2560.o
__stack                                           c:/program files (x86)/avr-gcc-12.0.1/bin/../lib/gcc/avr/12.1.0/../../../../avr/lib/avr6/crtatmega2560.o
__udivmodhi4                                      c:/program files (x86)/avr-gcc-12.0.1/bin/../lib/gcc/avr/12.1.0/avr6\libgcc.a(_udivmodhi4.o)
                                                  c:/program files (x86)/avr-gcc-12.0.1/bin/../lib/gcc/avr/12.1.0/avr6\libgcc.a(_divmodhi4.o)
__umulhisi3                                       c:/program files (x86)/avr-gcc-12.0.1/bin/../lib/gcc/avr/12.1.0/avr6\libgcc.a(_umulhisi3.o)
                                                  obj\Debug\ultrasoon.o
__vector_1                                        obj\Debug\noodstop.o
                                                  c:/program files (x86)/avr-gcc-12.0.1/bin/../lib/gcc/avr/12.1.0/../../../../avr/lib/avr6/crtatmega2560.o
__vector_10                                       c:/program files (x86)/avr-gcc-12.0.1/bin/../lib/gcc/avr/12.1.0/../../../../avr/lib/avr6/crtatmega2560.o
__vector_11                                       c:/program files (x86)/avr-gcc-12.0.1/bin/../lib/gcc/avr/12.1.0/../../../../avr/lib/avr6/crtatmega2560.o
__vector_12                                       c:/program files (x86)/avr-gcc-12.0.1/bin/../lib/gcc/avr/12.1.0/../../../../avr/lib/avr6/crtatmega2560.o
__vector_13                                       c:/program files (x86)/avr-gcc-12.0.1/bin/../lib/gcc/avr/12.1.0/../../../../avr/lib/avr6/crtatmega2560.o
__vector_14                                       c:/program files (x86)/avr-gcc-12.0.1/bin/../lib/gcc/avr/12.1.0/../../../../avr/lib/avr6/crtatmega2560.o
__vector_15                                       c:/program files (x86)/avr-gcc-12.0.1/bin/../lib/gcc/avr/12.1.0/../../../../avr/lib/avr6/crtatmega2560.o
__vector_16                                       c:/program files (x86)/avr-gcc-12.0.1/bin/../lib/gcc/avr/12.1.0/../../../../avr/lib/avr6/crtatmega2560.o
__vector_17                                       c:/program files (x86)/avr-gcc-12.0.1/bin/../lib/gcc/avr/12.1.0/../../../../avr/lib/avr6/crtatmega2560.o
__vector_18                                       c:/program files (x86)/avr-gcc-12.0.1/bin/../lib/gcc/avr/12.1.0/../../../../avr/lib/avr6/crtatmega2560.o
__vector_19                                       c:/program files (x86)/avr-gcc-12.0.1/bin/../lib/gcc/avr/12.1.0/../../../../avr/lib/avr6/crtatmega2560.o
__vector_2                                        c:/program files (x86)/avr-gcc-12.0.1/bin/../lib/gcc/avr/12.1.0/../../../../avr/lib/avr6/crtatmega2560.o
__vector_20                                       c:/program files (x86)/avr-gcc-12.0.1/bin/../lib/gcc/avr/12.1.0/../../../../avr/lib/avr6/crtatmega2560.o
__vector_21                                       c:/program files (x86)/avr-gcc-12.0.1/bin/../lib/gcc/avr/12.1.0/../../../../avr/lib/avr6/crtatmega2560.o
__vector_22                                       c:/program files (x86)/avr-gcc-12.0.1/bin/../lib/gcc/avr/12.1.0/../../../../avr/lib/avr6/crtatmega2560.o
__vector_23                                       c:/program files (x86)/avr-gcc-12.0.1/bin/../lib/gcc/avr/12.1.0/../../../../avr/lib/avr6/crtatmega2560.o
__vector_24                                       c:/program files (x86)/avr-gcc-12.0.1/bin/../lib/gcc/avr/12.1.0/../../../../avr/lib/avr6/crtatmega2560.o
__vector_25                                       c:/program files (x86)/avr-gcc-12.0.1/bin/../lib/gcc/avr/12.1.0/../../../../avr/lib/avr6/crtatmega2560.o
__vector_26                                       c:/program files (x86)/avr-gcc-12.0.1/bin/../lib/gcc/avr/12.1.0/../../../../avr/lib/avr6/crtatmega2560.o
__vector_27                                       c:/program files (x86)/avr-gcc-12.0.1/bin/../lib/gcc/avr/12.1.0/../../../../avr/lib/avr6/crtatmega2560.o
__vector_28                                       c:/program files (x86)/avr-gcc-12.0.1/bin/../lib/gcc/avr/12.1.0/../../../../avr/lib/avr6/crtatmega2560.o
__vector_29                                       c:/program files (x86)/avr-gcc-12.0.1/bin/../lib/gcc/avr/12.1.0/../../../../avr/lib/avr6/crtatmega2560.o
__vector_3                                        c:/program files (x86)/avr-gcc-12.0.1/bin/../lib/gcc/avr/12.1.0/../../../../avr/lib/avr6/crtatmega2560.o
__vector_30                                       c:/program files (x86)/avr-gcc-12.0.1/bin/../lib/gcc/avr/12.1.0/../../../../avr/lib/avr6/crtatmega2560.o
__vector_31                                       c:/program files (x86)/avr-gcc-12.0.1/bin/../lib/gcc/avr/12.1.0/../../../../avr/lib/avr6/crtatmega2560.o
__vector_32                                       c:/program files (x86)/avr-gcc-12.0.1/bin/../lib/gcc/avr/12.1.0/../../../../avr/lib/avr6/crtatmega2560.o
__vector_33                                       c:/program files (x86)/avr-gcc-12.0.1/bin/../lib/gcc/avr/12.1.0/../../../../avr/lib/avr6/crtatmega2560.o
__vector_34                                       c:/program files (x86)/avr-gcc-12.0.1/bin/../lib/gcc/avr/12.1.0/../../../../avr/lib/avr6/crtatmega2560.o
__vector_35                                       obj\Debug\stepperDriver.o
                                                  c:/program files (x86)/avr-gcc-12.0.1/bin/../lib/gcc/avr/12.1.0/../../../../avr/lib/avr6/crtatmega2560.o
__vector_36                                       obj\Debug\UART.o
                                                  c:/program files (x86)/avr-gcc-12.0.1/bin/../lib/gcc/avr/12.1.0/../../../../avr/lib/avr6/crtatmega2560.o
__vector_37                                       c:/program files (x86)/avr-gcc-12.0.1/bin/../lib/gcc/avr/12.1.0/../../../../avr/lib/avr6/crtatmega2560.o
__vector_38                                       c:/program files (x86)/avr-gcc-12.0.1/bin/../lib/gcc/avr/12.1.0/../../../../avr/lib/avr6/crtatmega2560.o
__vector_39                                       c:/program files (x86)/avr-gcc-12.0.1/bin/../lib/gcc/avr/12.1.0/../../../../avr/lib/avr6/crtatmega2560.o
__vector_4                                        c:/program files (x86)/avr-gcc-12.0.1/bin/../lib/gcc/avr/12.1.0/../../../../avr/lib/avr6/crtatmega2560.o
__vector_40                                       c:/program files (x86)/avr-gcc-12.0.1/bin/../lib/gcc/avr/12.1.0/../../../../avr/lib/avr6/crtatmega2560.o
__vector_41                                       c:/program files (x86)/avr-gcc-12.0.1/bin/../lib/gcc/avr/12.1.0/../../../../avr/lib/avr6/crtatmega2560.o
__vector_42                                       c:/program files (x86)/avr-gcc-12.0.1/bin/../lib/gcc/avr/12.1.0/../../../../avr/lib/avr6/crtatmega2560.o
__vector_43                                       c:/program files (x86)/avr-gcc-12.0.1/bin/../lib/gcc/avr/12.1.0/../../../../avr/lib/avr6/crtatmega2560.o
__vector_44                                       c:/program files (x86)/avr-gcc-12.0.1/bin/../lib/gcc/avr/12.1.0/../../../../avr/lib/avr6/crtatmega2560.o
__vector_45                                       obj\Debug\stepperDriver.o
                                                  c:/program files (x86)/avr-gcc-12.0.1/bin/../lib/gcc/avr/12.1.0/../../../../avr/lib/avr6/crtatmega2560.o
__vector_46                                       obj\Debug\ultrasoon.o
                                                  c:/program files (x86)/avr-gcc-12.0.1/bin/../lib/gcc/avr/12.1.0/../../../../avr/lib/avr6/crtatmega2560.o
__vector_47                                       c:/program files (x86)/avr-gcc-12.0.1/bin/../lib/gcc/avr/12.1.0/../../../../avr/lib/avr6/crtatmega2560.o
__vector_48                                       c:/program files (x86)/avr-gcc-12.0.1/bin/../lib/gcc/avr/12.1.0/../../../../avr/lib/avr6/crtatmega2560.o
__vector_49                                       c:/program files (x86)/avr-gcc-12.0.1/bin/../lib/gcc/avr/12.1.0/../../../../avr/lib/avr6/crtatmega2560.o
__vector_5                                        c:/program files (x86)/avr-gcc-12.0.1/bin/../lib/gcc/avr/12.1.0/../../../../avr/lib/avr6/crtatmega2560.o
__vector_50                                       obj\Debug\ultrasoon.o
                                                  c:/program files (x86)/avr-gcc-12.0.1/bin/../lib/gcc/avr/12.1.0/../../../../avr/lib/avr6/crtatmega2560.o
__vector_51                                       c:/program files (x86)/avr-gcc-12.0.1/bin/../lib/gcc/avr/12.1.0/../../../../avr/lib/avr6/crtatmega2560.o
__vector_52                                       c:/program files (x86)/avr-gcc-12.0.1/bin/../lib/gcc/avr/12.1.0/../../../../avr/lib/avr6/crtatmega2560.o
__vector_53                                       c:/program files (x86)/avr-gcc-12.0.1/bin/../lib/gcc/avr/12.1.0/../../../../avr/lib/avr6/crtatmega2560.o
__vector_54                                       c:/program files (x86)/avr-gcc-12.0.1/bin/../lib/gcc/avr/12.1.0/../../../../avr/lib/avr6/crtatmega2560.o
__vector_55                                       c:/program files (x86)/avr-gcc-12.0.1/bin/../lib/gcc/avr/12.1.0/../../../../avr/lib/avr6/crtatmega2560.o
__vector_56                                       c:/program files (x86)/avr-gcc-12.0.1/bin/../lib/gcc/avr/12.1.0/../../../../avr/lib/avr6/crtatmega2560.o
__vector_6                                        c:/program files (x86)/avr-gcc-12.0.1/bin/../lib/gcc/avr/12.1.0/../../../../avr/lib/avr6/crtatmega2560.o
__vector_7                                        c:/program files (x86)/avr-gcc-12.0.1/bin/../lib/gcc/avr/12.1.0/../../../../avr/lib/avr6/crtatmega2560.o
__vector_8                                        c:/program files (x86)/avr-gcc-12.0.1/bin/../lib/gcc/avr/12.1.0/../../../../avr/lib/avr6/crtatmega2560.o
__vector_9                                        c:/program files (x86)/avr-gcc-12.0.1/bin/../lib/gcc/avr/12.1.0/../../../../avr/lib/avr6/crtatmega2560.o
__vector_default                                  c:/program files (x86)/avr-gcc-12.0.1/bin/../lib/gcc/avr/12.1.0/../../../../avr/lib/avr6/crtatmega2560.o
__vectors                                         c:/program files (x86)/avr-gcc-12.0.1/bin/../lib/gcc/avr/12.1.0/../../../../avr/lib/avr6/crtatmega2560.o
_div                                              c:/program files (x86)/avr-gcc-12.0.1/bin/../lib/gcc/avr/12.1.0/avr6\libgcc.a(_divmodhi4.o)
_exit                                             c:/program files (x86)/avr-gcc-12.0.1/bin/../lib/gcc/avr/12.1.0/avr6\libgcc.a(_exit.o)
achteruit                                         obj\Debug\navigatieLogica.o
                                                  obj\Debug\interface.o
calibrate                                         obj\Debug\navigatieLogica.o
clearStepCnt                                      obj\Debug\stepperDriver.o
                                                  obj\Debug\navigatieLogica.o
current_sensor                                    obj\Debug\ultrasoon.o
digits                                            obj\Debug\display.o
disableStepCnt                                    obj\Debug\stepperDriver.o
                                                  obj\Debug\navigatieLogica.o
disableStepper                                    obj\Debug\stepperDriver.o
display_brightness                                obj\Debug\display.o
display_cfg                                       obj\Debug\display.o
display_cnt                                       obj\Debug\display.o
display_direction                                 obj\Debug\display.o
display_dist                                      obj\Debug\display.o
display_end                                       obj\Debug\display.o
display_fol                                       obj\Debug\display.o
display_go                                        obj\Debug\display.o
display_init                                      obj\Debug\display.o
display_left                                      obj\Debug\display.o
display_letter                                    obj\Debug\display.o
display_mode                                      obj\Debug\display.o
display_number                                    obj\Debug\display.o
display_pac                                       obj\Debug\display.o
display_rght                                      obj\Debug\display.o
display_sendbyte                                  obj\Debug\display.o
display_srch                                      obj\Debug\display.o
display_start                                     obj\Debug\display.o
display_stop                                      obj\Debug\display.o
display_turn                                      obj\Debug\display.o
display_txt_stop                                  obj\Debug\display.o
distance_left                                     obj\Debug\ultrasoon.o
                                                  obj\Debug\navigatieLogica.o
distance_right                                    obj\Debug\ultrasoon.o
                                                  obj\Debug\navigatieLogica.o
enableStepCnt                                     obj\Debug\stepperDriver.o
                                                  obj\Debug\navigatieLogica.o
exit                                              c:/program files (x86)/avr-gcc-12.0.1/bin/../lib/gcc/avr/12.1.0/avr6\libgcc.a(_exit.o)
                                                  c:/program files (x86)/avr-gcc-12.0.1/bin/../lib/gcc/avr/12.1.0/../../../../avr/lib/avr6/crtatmega2560.o
flushUsart2Buffer                                 obj\Debug\UART.o
                                                  obj\Debug\main.o
grootBeetjeVooruit                                obj\Debug\navigatieLogica.o
                                                  obj\Debug\interface.o
initKnipperLicht                                  obj\Debug\knipperLicht.o
                                                  obj\Debug\main.o
initNoodstop                                      obj\Debug\noodstop.o
                                                  obj\Debug\main.o
initPinsStepper                                   obj\Debug\stepperDriver.o
initSerialCom                                     obj\Debug\Debugging.o
initStepper                                       obj\Debug\stepperDriver.o
                                                  obj\Debug\main.o
initTimer3Stepper                                 obj\Debug\stepperDriver.o
initTimer4Stepper                                 obj\Debug\stepperDriver.o
initUsart                                         obj\Debug\UART.o
                                                  obj\Debug\main.o
init_pins_ultrasoon                               obj\Debug\ultrasoon.o
init_timer5                                       obj\Debug\ultrasoon.o
init_ultrasoon                                    obj\Debug\ultrasoon.o
                                                  obj\Debug\main.o
interpreter                                       obj\Debug\interface.o
                                                  obj\Debug\main.o
kleinBeetjeAchteruit                              obj\Debug\navigatieLogica.o
                                                  obj\Debug\interface.o
kleinBeetjeVooruit                                obj\Debug\navigatieLogica.o
                                                  obj\Debug\interface.o
kwartslagDraaienLinks                             obj\Debug\navigatieLogica.o
                                                  obj\Debug\interface.o
kwartslagDraaienRechts                            obj\Debug\navigatieLogica.o
                                                  obj\Debug\interface.o
letters                                           obj\Debug\display.o
linksom                                           obj\Debug\navigatieLogica.o
                                                  obj\Debug\interface.o
main                                              obj\Debug\main.o
                                                  c:/program files (x86)/avr-gcc-12.0.1/bin/../lib/gcc/avr/12.1.0/../../../../avr/lib/avr6/crtatmega2560.o
metingPadbreedte                                  obj\Debug\navigatieLogica.o
minderBeetjeVooruit                               obj\Debug\navigatieLogica.o
                                                  obj\Debug\interface.o
ongecontroleerdAchteruit                          obj\Debug\navigatieLogica.o
                                                  obj\Debug\interface.o
ongecontroleerdVooruit                            obj\Debug\navigatieLogica.o
                                                  obj\Debug\interface.o
ongecontroleerdVooruit2                           obj\Debug\navigatieLogica.o
                                                  obj\Debug\interface.o
padbreedte                                        obj\Debug\navigatieLogica.o
ramping                                           obj\Debug\navigatieLogica.o
rechtdoor                                         obj\Debug\navigatieLogica.o
                                                  obj\Debug\interface.o
rechtdoorAnd                                      obj\Debug\navigatieLogica.o
                                                  obj\Debug\interface.o
rechtsom                                          obj\Debug\navigatieLogica.o
                                                  obj\Debug\interface.o
sendByte                                          obj\Debug\UART.o
                                                  obj\Debug\navigatieLogica.o
serialData                                        obj\Debug\UART.o
                                                  obj\Debug\interface.o
speedStepperLeft                                  obj\Debug\stepperDriver.o
                                                  obj\Debug\navigatieLogica.o
speedStepperRight                                 obj\Debug\stepperDriver.o
                                                  obj\Debug\navigatieLogica.o
stepCounterLeft                                   obj\Debug\stepperDriver.o
                                                  obj\Debug\navigatieLogica.o
stepCounterRight                                  obj\Debug\stepperDriver.o
stepperBackward                                   obj\Debug\stepperDriver.o
                                                  obj\Debug\navigatieLogica.o
stepperForward                                    obj\Debug\stepperDriver.o
                                                  obj\Debug\navigatieLogica.o
stop                                              obj\Debug\navigatieLogica.o
                                                  obj\Debug\noodstop.o
                                                  obj\Debug\interface.o
stopRequest                                       obj\Debug\UART.o
                                                  obj\Debug\navigatieLogica.o
toggleKnipperLinks                                obj\Debug\knipperLicht.o
                                                  obj\Debug\navigatieLogica.o
toggleKnipperNood                                 obj\Debug\knipperLicht.o
                                                  obj\Debug\noodstop.o
toggleKnipperRechts                               obj\Debug\knipperLicht.o
                                                  obj\Debug\navigatieLogica.o
toggleStepperDirectionLeft                        obj\Debug\stepperDriver.o
                                                  obj\Debug\navigatieLogica.o
toggleStepperDirectionRight                       obj\Debug\stepperDriver.o
                                                  obj\Debug\navigatieLogica.o
vooruit                                           obj\Debug\navigatieLogica.o
